[cardaxpharma.com/index.html]
[backblue.gif]
[fade.gif]
[index.html]
[cardaxpharma.com/wp-content/cache/minify/000000/XY5LDsIwDEQvRHFvVJngokBiRx6rVW7PZxWyfW9GMyuBSxYNSgD5A5f1j-ymsfApsCrXmnXSCOF7h8TcK1kl2RhH9CJTygXNFPkYxdlu_BLv9MSWrDaDODG-I7_SgLfdP__e.css]
[cardaxpharma.com/wp-content/uploads/2014/02/favicon.png]
[cardaxpharma.com/wp-content/cache/minify/000000/M9bPKixNLarUMYYydHMz04sSS1L1cjPzdAz0ixNzMlPzSvSzivVz81NSi_Iyq4oA.js]
[cardaxpharma.com/home/feed/index.html]
[cardaxpharma.com/xmlrpc0db0.php]
[cardaxpharma.com/wp-includes/wlwmanifest.xml]
[cardaxpharma.com/comments/feed/index.html]
[cardaxpharma.com/feed/index.html]
[cardaxpharma.com/wp-content/uploads/2014/01/images.png]
[cardaxpharma.com/wp-content/uploads/2014/02/Cardax-Logo-50px-White.png]
[cardaxpharma.com/about-us/index.html]
[cardaxpharma.com/blog/index.html]
[cardaxpharma.com/wp-content/uploads/2014/02/7287807_l.jpg]
[cardaxpharma.com/about-us/corporate-presentation/index.html]
[cardaxpharma.com/about-us/management-team/index.html]
[cardaxpharma.com/about-us/board-of-directors/index.html]
[cardaxpharma.com/about-us/lead-scientific-team/index.html]
[cardaxpharma.com/astaxanthin/index.html]
[cardaxpharma.com/astaxanthin/history-background/index.html]
[cardaxpharma.com/wp-content/uploads/2013/12/Whales-2.png]
[cardaxpharma.com/astaxanthin/benefits-of-use/index.html]
[cardaxpharma.com/astaxanthin/manufacturing/index.html]
[cardaxpharma.com/astaxanthin/scientific-literature/index.html]
[cardaxpharma.com/astaxanthin/intellectual-property/index.html]
[cardaxpharma.com/wp-content/uploads/2014/01/19362622_l.jpg]
[cardaxpharma.com/commercialization/index.html]
[cardaxpharma.com/astaxanthin/addressable-markets/index.html]
[cardaxpharma.com/wp-content/uploads/2013/12/Cardax-Brief.png]
[cardaxpharma.com/commercialization/other-programs/index.html]
[cardaxpharma.com/wp-content/uploads/2013/12/Astaxanthin.png]
[cardaxpharma.com/contact-us/index.html]
[cardaxpharma.com/wp-content/uploads/2013/12/Addressable-Markets.png]
[cardaxpharma.com/wp-content/uploads/2013/12/Investor-Relations.png]
[cardaxpharma.com/wp-content/uploads/2014/02/Osteoarthritis-500x403.png]
[cardaxpharma.com/wp-content/uploads/2014/02/Cognitive-Decline-500x403.png]
[cardaxpharma.com/addressable-markets/osteoarthritis/index.html]
[cardaxpharma.com/wp-content/uploads/2014/02/Metabolic-Syndrome-500x403.png]
[cardaxpharma.com/addressable-markets/cognitive-decline/index.html]
[cardaxpharma.com/wp-content/uploads/2014/02/High-Triglycerides-500x403.png]
[cardaxpharma.com/addressable-markets/metabolic-syndrome/index.html]
[cardaxpharma.com/wp-content/uploads/2014/02/Type-2-Diabetes-500x403.png]
[cardaxpharma.com/addressable-markets/high-triglycerides/index.html]
[cardaxpharma.com/wp-content/uploads/2014/02/Hepatic-Disease-500x403.png]
[cardaxpharma.com/addressable-markets/type-2-diabetes/index.html]
[cardaxpharma.com/wp-content/uploads/2014/02/Atherosclerosis-500x403.png]
[cardaxpharma.com/addressable-markets/hepatic-disease/index.html]
[cardaxpharma.com/wp-content/uploads/2014/02/Thrombosis-500x403.png]
[cardaxpharma.com/addressable-markets/atherosclerosis/index.html]
[cardaxpharma.com/blog.html]
[cardaxpharma.com/addressable-markets/thrombosis/index.html]
[cardaxpharma.com/disclaimer.17.delayed]
[cardaxpharma.com/disclaimer-and-terms-of-use/index.html]
[www.google-analytics.com/analytics.js]
[cardaxpharma.com/wp-content/cache/minify/000000/M9YvzdTPKixNLarUK83US84vStXLzczTMUYVL89MSU8twSZTkF-cWZKZn4dNLjc1rxSbeGJpSX5yfm5BTmoJ2DYA.js]
[cardaxpharma.com/wp-content/cache/minify/000000/LcpBDoAgDATAH7H-yBTTQxFoYTHG3-vB4ySzgVJN-8IdWU6dDwr3w1s4dUJIXUS1DKMvD0UZ17fSz9Ssvw.js]
[cardaxpharma.com/wp-content/cache/minify/000000/Xc9BEoMwCAXQC1XxKL1BJ0ZUNCZpPhn19s2iYxt3zOPDQEcwTtgrebZqEhmAFTRmb1WCB5nFHA3YJDvTHoFv3SBPE0Mf3bVhASFHTqNgrpkNxE-1JUYMfrjN7xK53cTX7MUybArO3eIqdj1ri4lVz-ccNPw19tib]
[cardaxpharma.com/wp-content/cache/minify/000000/Zc09DoMwDEDhCxHCwBmYuvUEbmIhV_6J7DBwe-jWiPV9w1tyABNqz9_IJLBjvAwq1llIp-VfC7gdm2N9Iz8VWkPwsZFSH8uHbU8CYernKIqlg6dgqujTmouJ3JQcG5-_3QU.js]
[cardaxpharma.com/wp-content/cache/minify/000000/TYtRCoAwDMUupHQ3GnVUUGc7-ori7XUg4mdCkghcF9EglRLsVO0QWvHi2HFIX3S2iTfx6ylysb0ZxIkBCfTpZ_PspnED.js]
[cardaxpharma.com/index.html]
[cardaxpharma.com/wp-content/themes/salient/css/fonts/fontawesome-webfontf77b.eot]
[cardaxpharma.com/wp-content/themes/salient/css/fonts/fontawesome-webfontd41d.eot]
[cardaxpharma.com/wp-content/themes/salient/css/fonts/fontawesome-webfont.svg]
[cardaxpharma.com/wp-content/themes/salient/css/fonts/fontawesome-webfontf77b.woff]
[cardaxpharma.com/wp-content/themes/salient/css/fonts/fontawesome-webfontf77b.ttf]
[cardaxpharma.com/wp-content/themes/salient/css/fonts/steadysets.eot]
[cardaxpharma.com/wp-content/themes/salient/css/fonts/steadysets.ttf]
[cardaxpharma.com/wp-content/themes/salient/css/fonts/steadysetsd41d.eot]
[cardaxpharma.com/wp-content/themes/salient/css/fonts/steadysets.woff]
[cardaxpharma.com/wp-content/themes/salient/css/fonts/steadysets.svg]
[cardaxpharma.com/wp-content/themes/salient/css/fonts/linecons.eot]
[cardaxpharma.com/wp-content/themes/salient/css/fonts/linecons.ttf]
[cardaxpharma.com/wp-content/themes/salient/css/fonts/linecons.woff]
[cardaxpharma.com/wp-content/themes/salient/css/fonts/lineconsd41d.eot]
[cardaxpharma.com/wp-content/themes/salient/css/fonts/linecons.svg]
[cardaxpharma.com/wp-content/themes/salient/css/fonts/OpenSans-Light-webfont.eot]
[cardaxpharma.com/wp-content/themes/salient/css/fonts/OpenSans-Light-webfont.woff]
[cardaxpharma.com/wp-content/themes/salient/css/fonts/OpenSans-Light-webfontd41d.eot]
[cardaxpharma.com/wp-content/themes/salient/css/fonts/OpenSans-Light-webfont.ttf]
[cardaxpharma.com/wp-content/themes/salient/css/fonts/OpenSans-Light-webfont.svg]
[cardaxpharma.com/wp-content/themes/salient/css/fonts/OpenSans-Regular-webfont.eot]
[cardaxpharma.com/wp-content/themes/salient/css/fonts/OpenSans-Regular-webfont.woff]
[cardaxpharma.com/wp-content/themes/salient/css/fonts/OpenSans-Regular-webfont.ttf]
[cardaxpharma.com/wp-content/themes/salient/css/fonts/OpenSans-Regular-webfontd41d.eot]
[cardaxpharma.com/wp-content/themes/salient/css/fonts/OpenSans-Regular-webfont.svg]
[cardaxpharma.com/wp-content/themes/salient/css/fonts/OpenSans-Semibold-webfont.eot]
[cardaxpharma.com/wp-content/themes/salient/css/fonts/OpenSans-Semibold-webfont.woff]
[cardaxpharma.com/wp-content/themes/salient/css/fonts/OpenSans-Semibold-webfont.ttf]
[cardaxpharma.com/wp-content/themes/salient/css/fonts/OpenSans-Semibold-webfontd41d.eot]
[cardaxpharma.com/wp-content/themes/salient/css/fonts/OpenSans-Semibold-webfont.svg]
[cardaxpharma.com/wp-content/themes/salient/css/fonts/OpenSansBold-webfont.eot]
[cardaxpharma.com/wp-content/themes/salient/css/fonts/OpenSansBold-webfont.woff]
[cardaxpharma.com/wp-content/themes/salient/css/fonts/OpenSansBold-webfontd41d.eot]
[cardaxpharma.com/wp-content/themes/salient/css/fonts/OpenSansBold-webfont.ttf]
[cardaxpharma.com/wp-content/themes/salient/css/fonts/OpenSansBold-webfont.svg]
[cardaxpharma.com/wp-content/themes/salient/img/icons/social/vimeo-header-black.3b.delayed]
[cardaxpharma.com/wp-content/themes/salient/img/icons/social/behance-header-black.3c.delayed]
[cardaxpharma.com/wp-content/themes/salient/img/icons/mag-glass-mobile.png]
[cardaxpharma.com/wp-content/themes/salient/img/icons/mag-glass-mobile@2x.png]
[cardaxpharma.com/wp-content/themes/salient/img/icons/nectar-loading.gif]
[cardaxpharma.com/wp-content/themes/salient/img/textures/diagonal_line.png]
[cardaxpharma.com/wp-content/themes/salient/img/textures/grid.png]
[cardaxpharma.com/wp-content/themes/salient/img/icons/slider-arrows-small.png]
[cardaxpharma.com/wp-content/themes/salient/img/icons/jplayer.png]
[cardaxpharma.com/wp-content/themes/salient/img/transparent.png]
[cardaxpharma.com/wp-content/themes/salient/img/prettyPhoto/dark_rounded/loader.gif]
[cardaxpharma.com/wp-content/themes/salient/img/prettyPhoto/dark_rounded/close.png]
[cardaxpharma.com/wp-content/themes/salient/img/stock/icons/magnify.47.delayed]
[cardaxpharma.com/wp-content/themes/salient/img/stock/icons/link.48.delayed]
[cardaxpharma.com/wp-content/themes/salient/img/stock/icons/image.49.delayed]
[cardaxpharma.com/wp-content/themes/salient/img/stock/icons/video.4a.delayed]
[cardaxpharma.com/wp-content/themes/salient/img/icons/loading-white-bg.gif]
[cardaxpharma.com/wp-content/themes/salient/img/icons/social/facebook.4c.delayed]
[cardaxpharma.com/wp-content/themes/salient/img/icons/social/twitter.4d.delayed]
[cardaxpharma.com/wp-content/themes/salient/img/icons/social/vimeo.4e.delayed]
[cardaxpharma.com/wp-content/themes/salient/img/icons/social/dribbble.4f.delayed]
[cardaxpharma.com/wp-content/themes/salient/img/icons/social/rss.50.delayed]
[cardaxpharma.com/wp-content/themes/salient/img/icons/social/skype.51.delayed]
[cardaxpharma.com/wp-content/themes/salient/img/icons/social/pinterest.52.delayed]
[cardaxpharma.com/wp-content/themes/salient/img/icons/social/google-plus.53.delayed]
[cardaxpharma.com/wp-content/themes/salient/img/icons/social/tumblr.54.delayed]
[cardaxpharma.com/wp-content/themes/salient/img/icons/social/youtube.55.delayed]
[cardaxpharma.com/wp-content/themes/salient/img/icons/social/linked-in.56.delayed]
[cardaxpharma.com/wp-content/themes/salient/img/icons/social/behance.57.delayed]
[cardaxpharma.com/wp-content/themes/salient/img/icons/social/instagram.58.delayed]
[cardaxpharma.com/wp-content/themes/salient/img/icons/social/vimeo-header.59.delayed]
[cardaxpharma.com/wp-content/themes/salient/img/icons/social/behance-header.5a.delayed]
[cardaxpharma.com/wp-content/themes/salient/img/icons/quote.png]
[cardaxpharma.com/wp-content/themes/salient/img/icons/link.png]
[cardaxpharma.com/wp-content/themes/salient/img/icons/status.png]
[cardaxpharma.com/wp-content/themes/salient/img/icons/aside.png]
[cardaxpharma.com/wp-content/themes/salient/img/icons/quote@2x.png]
[cardaxpharma.com/wp-content/themes/salient/img/icons/link@2x.png]
[cardaxpharma.com/wp-content/themes/salient/img/icons/status@2x.png]
[cardaxpharma.com/wp-content/themes/salient/img/icons/aside@2x.png]
[cardaxpharma.com/wp-content/themes/salient/img/icons/portfolio-arrows.png]
[cardaxpharma.com/wp-content/themes/salient/img/icons/portfolio-arrows@2x.png]
[cardaxpharma.com/wp-content/themes/salient/img/icons/comment-children-line.jpg]
[cardaxpharma.com/wp-content/themes/salient/css/fonts/icomoon.eot]
[cardaxpharma.com/wp-content/themes/salient/css/fonts/icomoond41d.eot]
[cardaxpharma.com/wp-content/themes/salient/css/fonts/icomoon.woff]
[cardaxpharma.com/wp-content/themes/salient/css/fonts/icomoon.ttf]
[cardaxpharma.com/wp-content/themes/salient/css/fonts/icomoon.svg]
[cardaxpharma.com/wp-content/themes/salient/wpbakery/js_composer/assets/images/toggle_open.png]
[cardaxpharma.com/wp-content/themes/salient/wpbakery/js_composer/assets/images/toggle_close.png]
[cardaxpharma.com/wp-content/themes/salient/wpbakery/js_composer/assets/images/icons/address-book.png]
[cardaxpharma.com/wp-content/themes/salient/wpbakery/js_composer/assets/images/icons/alarm-clock.png]
[cardaxpharma.com/wp-content/themes/salient/wpbakery/js_composer/assets/images/icons/anchor.png]
[cardaxpharma.com/wp-content/themes/salient/wpbakery/js_composer/assets/images/icons/application-image.png]
[cardaxpharma.com/wp-content/themes/salient/wpbakery/js_composer/assets/images/icons/arrow.png]
[cardaxpharma.com/wp-content/themes/salient/wpbakery/js_composer/assets/images/icons/asterisk.png]
[cardaxpharma.com/wp-content/themes/salient/wpbakery/js_composer/assets/images/icons/auction-hammer.png]
[cardaxpharma.com/wp-content/themes/salient/wpbakery/js_composer/assets/images/icons/balloon.png]
[cardaxpharma.com/wp-content/themes/salient/wpbakery/js_composer/assets/images/icons/balloon-buzz.png]
[cardaxpharma.com/wp-content/themes/salient/wpbakery/js_composer/assets/images/icons/balloon-facebook.png]
[cardaxpharma.com/wp-content/themes/salient/wpbakery/js_composer/assets/images/icons/balloon-twitter.png]
[cardaxpharma.com/wp-content/themes/salient/wpbakery/js_composer/assets/images/icons/battery-full.png]
[cardaxpharma.com/wp-content/themes/salient/wpbakery/js_composer/assets/images/icons/binocular.png]
[cardaxpharma.com/wp-content/themes/salient/wpbakery/js_composer/assets/images/icons/blue-document-excel.png]
[cardaxpharma.com/wp-content/themes/salient/wpbakery/js_composer/assets/images/icons/blue-document-image.png]
[cardaxpharma.com/wp-content/themes/salient/wpbakery/js_composer/assets/images/icons/blue-document-music.png]
[cardaxpharma.com/wp-content/themes/salient/wpbakery/js_composer/assets/images/icons/blue-document-office.png]
[cardaxpharma.com/wp-content/themes/salient/wpbakery/js_composer/assets/images/icons/blue-document-pdf.png]
[cardaxpharma.com/wp-content/themes/salient/wpbakery/js_composer/assets/images/icons/blue-document-powerpoint.png]
[cardaxpharma.com/wp-content/themes/salient/wpbakery/js_composer/assets/images/icons/blue-document-word.png]
[cardaxpharma.com/wp-content/themes/salient/wpbakery/js_composer/assets/images/icons/bookmark.png]
[cardaxpharma.com/wp-content/themes/salient/wpbakery/js_composer/assets/images/icons/camcorder.png]
[cardaxpharma.com/wp-content/themes/salient/wpbakery/js_composer/assets/images/icons/camera.png]
[cardaxpharma.com/wp-content/themes/salient/wpbakery/js_composer/assets/images/icons/chart.png]
[cardaxpharma.com/wp-content/themes/salient/wpbakery/js_composer/assets/images/icons/chart-pie.png]
[cardaxpharma.com/wp-content/themes/salient/wpbakery/js_composer/assets/images/icons/clock.png]
[cardaxpharma.com/wp-content/themes/salient/wpbakery/js_composer/assets/images/icons/control.png]
[cardaxpharma.com/wp-content/themes/salient/wpbakery/js_composer/assets/images/icons/fire.png]
[cardaxpharma.com/wp-content/themes/salient/wpbakery/js_composer/assets/images/icons/heart.png]
[cardaxpharma.com/wp-content/themes/salient/wpbakery/js_composer/assets/images/icons/mail.png]
[cardaxpharma.com/wp-content/themes/salient/wpbakery/js_composer/assets/images/icons/plus-shield.png]
[cardaxpharma.com/wp-content/themes/salient/wpbakery/js_composer/assets/images/icons/video.png]
[cardaxpharma.com/wp-content/themes/salient/wpbakery/js_composer/assets/images/twitter_bird.png]
[cardaxpharma.com/wp-content/themes/salient/wpbakery/js_composer/assets/vc/alert.png]
[cardaxpharma.com/wp-content/themes/salient/wpbakery/js_composer/assets/vc/info.png]
[cardaxpharma.com/wp-content/themes/salient/wpbakery/js_composer/assets/vc/tick.png]
[cardaxpharma.com/wp-content/themes/salient/wpbakery/js_composer/assets/vc/exclamation.png]
[cardaxpharma.com/wp-content/themes/salient/wpbakery/js_composer/assets/images/flickr.png]
[cardaxpharma.com/wp-content/cache/minify/000000/XY5LDsIwDEQvRHFvVJngokBiRx6rVW7PZxWyfW9GMyuBSxYNSgD5A5f1j-ymsfApsCrXmnXSCOF7h8TcK1kl2RhH9CJTygXNFPkYxdlu_BLv9MSWrDaDODG-I7_SgLfdP__e.css]
[cardaxpharma.com/comments/feed/index.html]
[cardaxpharma.com/wp-content/cache/minify/000000/M9bPKixNLarUMYYydHMz04sSS1L1cjPzdAz0ixNzMlPzSvSzivVz81NSi_Iyq4oA.js]
[cardaxpharma.com/wp-content/cache/minify/000000/XYtLDoAgDEQvpJYrERxNE2gN02i4vVtl-z5JmKvCQgop_eSSfuRwizU_oDdsTW3SDOR9EDF_VQ3FvzljVExVBy836o0X.css]
[cardaxpharma.com/wp-content/uploads/2013/12/home-video.jpg]
[cardaxpharma.com/wp-content/uploads/2013/12/Contact-Us.png]
[cardaxpharma.com/about-us/feed/index.html]
[cardaxpharma.com/wp-content/cache/minify/000000/ZcwxDoAgDEDRC4EweAYnN09QoTE1lJKCA7dXN4nrf8n3rkIizM2d1RHDgXUViBgnpmz8VwOoXIti3DD9FUpB0LFRpjaWPclhGapk7WZ2QZgfsYol9fd5Aw.js]
[cardaxpharma.com/indexec81.html]
[cardaxpharma.com/about-us/investor-presentation/index.html]
[cardaxpharma.com/wp-content/cache/minify/000000/M9AvTszJTM0r0c9LTS5JLNLPyS9L1c8qhnJ1QVwA.js]
[cardaxpharma.com/about-us/index.html]
[cardaxpharma.com/blog/index.html]
[cardaxpharma.com/about-us/corporate-presentation/index.html]
[cardaxpharma.com/astaxanthin/manufacturing-process/index.html]
[cardaxpharma.com/blog/feed/index.html]
[cardaxpharma.com/wp-content/uploads/2013/12/David-G.png]
[cardaxpharma.com/indexb648.html]
[cardaxpharma.com/nutraceuticals-as-pharmaceuticals/index.html]
[cardaxpharma.com/category/blog/index.html]
[cardaxpharma.com/astaxanthin-for-human-use-the-origin-of-cardax/index.html]
[cardaxpharma.com/wp-content/uploads/2013/12/Gilbert-R.png]
[cardaxpharma.com/author/cardax/index.html]
[cardaxpharma.com/author/dcress/index.html]
[cardaxpharma.com/about-us/management-team/john-russell-cfo/index.html]
[cardaxpharma.com/about-us/corporate-presentation/feed/index.html]
[cardaxpharma.com/wp-content/uploads/2013/12/Russell.png]
[cardaxpharma.com/indexd06c.html]
[cardaxpharma.com/about-us/management-team/feed/index.html]
[cardaxpharma.com/index2cf9.html]
[cardaxpharma.com/wp-content/uploads/2013/12/Timothy-K.9b.delayed]
[cardaxpharma.com/about-us/management-team/david-g-watumull-president-and-ceo/index.html]
[cardaxpharma.com/about-us/management-team/gilbert-m-rishton-ph-d-chief-science-officer/index.html]
[cardaxpharma.com/wp-content/uploads/2014/02/David-M.png]
[cardaxpharma.com/about-us/management-team/index.html]
[cardaxpharma.com/about-us/management-team/timothy-j-king-ph-d-vice-president-research/index.html]
[cardaxpharma.com/about-us/management-team/david-m-watumull-vice-president-operations/index.html]
[cardaxpharma.com/about-us/board-of-directors/feed/index.html]
[cardaxpharma.com/wp-content/uploads/2013/12/Nicholas-M.png]
[cardaxpharma.com/about-us/board-of-directors/nicholas-mitsakos-executive-chairman/index.html]
[cardaxpharma.com/index6ffe.html]
[cardaxpharma.com/wp-content/uploads/2013/12/Frank-C.png]
[cardaxpharma.com/about-us/board-of-directors/index.html]
[cardaxpharma.com/board-of-directors/frank-c-herringer-director/index.html]
[cardaxpharma.com/wp-content/uploads/2013/12/Henry-J.png]
[cardaxpharma.com/about-us/lead-scientific-team/feed/index.html]
[cardaxpharma.com/wp-content/uploads/2013/12/Andrew-H.png]
[cardaxpharma.com/about-us/board-of-directors/frank-c-herringer-director/index.html]
[cardaxpharma.com/about-us/lead-scientific-team/henry-l-jackson-ph-d-associate-director-discovery-chemistry/index.html]
[cardaxpharma.com/wp-content/uploads/2013/12/Kazu.png]
[cardaxpharma.com/about-us/lead-scientific-team/index.html]
[cardaxpharma.com/index5eda.html]
[cardaxpharma.com/about-us/lead-scientific-team/a-david-hieber-ph-d-associate-director-biology/index.html]
[cardaxpharma.com/astaxanthin/index.html]
[cardaxpharma.com/about-us/lead-scientific-team/kazutoshi-fujioka-ph-d-senior-scientist-analytical-chemistry/index.html]
[cardaxpharma.com/astaxanthin/feed/index.html]
[cardaxpharma.com/wp-content/uploads/2013/12/Richard-Kuhn.jpg]
[cardaxpharma.com/index1e7e.html]
[cardaxpharma.com/astaxanthin/history-background/index.html]
[cardaxpharma.com/astaxanthin/history-background/feed/index.html]
[cardaxpharma.com/astaxanthin/benefits-of-use/index.html]
[cardaxpharma.com/index8eaf.html]
[cardaxpharma.com/astaxanthin/manufacturing/index.html]
[cardaxpharma.com/astaxanthin/benefits-of-use/feed/index.html]
[cardaxpharma.com/astaxanthin/scientific-literature/index.html]
[cardaxpharma.com/index2847.html]
[cardaxpharma.com/astaxanthin/market-opportunity/index.html]
[cardaxpharma.com/astaxanthin/intellectual-property/index.html]
[cardaxpharma.com/index7ab1.html]
[cardaxpharma.com/astaxanthin/scientific-literature/feed/index.html]
[cardaxpharma.com/astaxanthin/manufacturing/feed/index.html]
[cardaxpharma.com/index56d6.html]
[cardaxpharma.com/investors/index.html]
[cardaxpharma.com/astaxanthin/intellectual-property/feed/index.html]
[cardaxpharma.com/wp-content/uploads/2014/01/New-Sidebar.png]
[cardaxpharma.com/commercialization/index.html]
[cardaxpharma.com/indexdb4e.html]
[cardaxpharma.com/astaxanthin/addressable-markets/index.html]
[cardaxpharma.com/indexdb84.html]
[cardaxpharma.com/commercialization/feed/index.html]
[cardaxpharma.com/commercialization/other-programs/index.html]
[cardaxpharma.com/astaxanthin/addressable-markets/feed/index.html]
[cardaxpharma.com/index7080.html]
[cardaxpharma.com/commercialization/other-programs/feed/index.html]
[cardaxpharma.com/index62bf.html]
[cardaxpharma.com/wp-content/cache/minify/000000/M9AvTszJTM0r0c8q1s9NLAAA.js]
[cardaxpharma.com/contact-us/index.html]
[cardaxpharma.com/contact-us/feed/index.html]
[cardaxpharma.com/index8fec.html]
[cardaxpharma.com/wp-content/uploads/2014/02/Osteoarthritis.png]
[cardaxpharma.com/wp-content/uploads/2013/12/Scientific-Literature.png]
[cardaxpharma.com/index8631.html]
[cardaxpharma.com/addressable-markets/osteoarthritis/index.html]
[cardaxpharma.com/wp-content/cache/minify/000000/ZckxDoAgDAXQC6lwCic3T_CVhtRAS1ocvL2rxPW9GByFSXq4PHBFJt8UidJSWab43ROm92qUdir_RWsEG42F-yhH0TxXuIo9Lw.js]
[cardaxpharma.com/addressable-markets/cognitive-decline/index.html]
[cardaxpharma.com/wp-content/uploads/2014/02/Cognitive-Decline.png]
[cardaxpharma.com/indexc128.html]
[cardaxpharma.com/wp-content/uploads/2014/02/Metabolic-Syndrome.png]
[cardaxpharma.com/addressable-markets/metabolic-syndrome/index.html]
[cardaxpharma.com/index3f66.html]
[cardaxpharma.com/wp-content/uploads/2014/02/High-Triglycerides.png]
[cardaxpharma.com/addressable-markets/high-triglycerides/index.html]
[cardaxpharma.com/index1b7b.html]
[cardaxpharma.com/wp-content/uploads/2014/02/Type-2-Diabetes.png]
[cardaxpharma.com/addressable-markets/type-2-diabetes/index.html]
[cardaxpharma.com/index2025.html]
[cardaxpharma.com/wp-content/uploads/2014/02/Hepatic-Disease.png]
[cardaxpharma.com/addressable-markets/hepatic-disease/index.html]
[cardaxpharma.com/index61f2.html]
[cardaxpharma.com/wp-content/uploads/2014/02/Atherosclerosis.png]
[cardaxpharma.com/addressable-markets/atherosclerosis/index.html]
[cardaxpharma.com/index8fde.html]
[cardaxpharma.com/wp-content/uploads/2014/02/Thrombosis.png]
[cardaxpharma.com/addressable-markets/thrombosis/index.html]
[cardaxpharma.com/index1c7e.html]
[cardaxpharma.com/blog.html]
[cardaxpharma.com/disclaimer-and-terms-of-use/index.html]
[cardaxpharma.com/disclaimer-and-terms-of-use/feed/index.html]
[cardaxpharma.com/wp-content/cache/minify/000000/M9YvzdTPKixNLarUK83US84vStXLzczTMUYVL89MSU8twSZTkF-cWZKZn4dNLjc1rxSbeGJpSX5yfm5BTmoJ2DYA.js]
[cardaxpharma.com/wp-content/cache/minify/000000/Xc9BEoMwCAXQC1XxKL1BJ0ZUNCZpPhn19s2iYxt3zOPDQEcwTtgrebZqEhmAFTRmb1WCB5nFHA3YJDvTHoFv3SBPE0Mf3bVhASFHTqNgrpkNxE-1JUYMfrjN7xK53cTX7MUybArO3eIqdj1ri4lVz-ccNPw19tib]
[cardaxpharma.com/index6eea.html]
[cardaxpharma.com/wp-content/cache/minify/000000/LcpBDoAgDATAH7H-yBTTQxFoYTHG3-vB4ySzgVJN-8IdWU6dDwr3w1s4dUJIXUS1DKMvD0UZ17fSz9Ssvw.js]
[cardaxpharma.com/wp-content/cache/minify/000000/Zc09DoMwDEDhCxHCwBmYuvUEbmIhV_6J7DBwe-jWiPV9w1tyABNqz9_IJLBjvAwq1llIp-VfC7gdm2N9Iz8VWkPwsZFSH8uHbU8CYernKIqlg6dgqujTmouJ3JQcG5-_3QU.js]
[cardaxpharma.com/youtu.be/index.html]
[apis.google.com/js/plusone.js]
[cardaxpharma.com/Version/index.html]
[assets.pinterest.com/js/pinit.js]
[cardaxpharma.com/wp-content/cache/minify/000000/TYtRCoAwDMUupHQ3GnVUUGc7-ori7XUg4mdCkghcF9EglRLsVO0QWvHi2HFIX3S2iTfx6ylysb0ZxIkBCfTpZ_PspnED.js]
[cardaxpharma.com/wp-content/themes/salient/css/fonts/fontawesome-webfont.svg]
[cardaxpharma.com/wp-content/themes/salient/css/fonts/steadysets.svg]
[cardaxpharma.com/wp-content/themes/salient/css/fonts/linecons.svg]
[cardaxpharma.com/wp-content/themes/salient/css/fonts/OpenSans-Light-webfont.svg]
[cardaxpharma.com/wp-content/themes/salient/css/fonts/OpenSans-Regular-webfont.svg]
[cardaxpharma.com/wp-content/themes/salient/css/fonts/OpenSans-Semibold-webfont.svg]
[cardaxpharma.com/wp-content/themes/salient/css/fonts/OpenSansBold-webfont.svg]
[cardaxpharma.com/wp-content/themes/salient/img/icons/social/vimeo-header-black.html]
[cardaxpharma.com/wp-content/themes/salient/img/icons/social/behance-header-black.html]
[cardaxpharma.com/wp-content/themes/salient/img/stock/icons/magnify.html]
[cardaxpharma.com/wp-content/themes/salient/img/stock/icons/link.html]
[cardaxpharma.com/wp-content/themes/salient/img/stock/icons/image.html]
[cardaxpharma.com/wp-content/themes/salient/img/stock/icons/video.html]
[cardaxpharma.com/wp-content/themes/salient/img/icons/social/facebook.html]
[cardaxpharma.com/wp-content/themes/salient/img/icons/social/twitter.html]
[cardaxpharma.com/wp-content/themes/salient/img/icons/social/vimeo.html]
[cardaxpharma.com/wp-content/themes/salient/img/icons/social/dribbble.html]
[cardaxpharma.com/wp-content/themes/salient/img/icons/social/rss.html]
[cardaxpharma.com/wp-content/themes/salient/img/icons/social/skype.html]
[cardaxpharma.com/wp-content/themes/salient/img/icons/social/pinterest.html]
[cardaxpharma.com/wp-content/themes/salient/img/icons/social/google-plus.html]
[cardaxpharma.com/wp-content/themes/salient/img/icons/social/tumblr.html]
[cardaxpharma.com/wp-content/themes/salient/img/icons/social/youtube.html]
[cardaxpharma.com/wp-content/themes/salient/img/icons/social/linked-in.html]
[cardaxpharma.com/wp-content/themes/salient/img/icons/social/behance.html]
[cardaxpharma.com/wp-content/themes/salient/img/icons/social/instagram.html]
[cardaxpharma.com/wp-content/themes/salient/img/icons/social/vimeo-header.html]
[cardaxpharma.com/wp-content/themes/salient/img/icons/social/behance-header.html]
[cardaxpharma.com/wp-content/themes/salient/css/fonts/icomoon.svg]
[cardaxpharma.com/wp-content/cache/minify/000000/XYtLDoAgDEQvpJYrERxNE2gN02i4vVtl-z5JmKvCQgop_eSSfuRwizU_oDdsTW3SDOR9EDF_VQ3FvzljVExVBy836o0X.css]
[cardaxpharma.com/indexec81.html]
[cardaxpharma.com/about-us/investor-presentation/index.html]
[cardaxpharma.com/astaxanthin/manufacturing-process/index.html]
[cardaxpharma.com/wp-content/cache/minify/000000/ZcwxDoAgDEDRC4EweAYnN09QoTE1lJKCA7dXN4nrf8n3rkIizM2d1RHDgXUViBgnpmz8VwOoXIti3DD9FUpB0LFRpjaWPclhGapk7WZ2QZgfsYol9fd5Aw.js]
[cardaxpharma.com/about-us/Version/index.html]
[cardaxpharma.com/wp-content/cache/minify/000000/M9AvTszJTM0r0c9LTS5JLNLPyS9L1c8qhnJ1QVwA.js]
[cardaxpharma.com/indexb648.html]
[cardaxpharma.com/wp-content/cache/minify/000000/M9RPzM4szk0t0Y_PzEvWT8svygUA.js]
[cardaxpharma.com/nutraceuticals-as-pharmaceuticals/index.html]
[cardaxpharma.com/nutraceuticals-as-pharmaceuticals/feed/index.html]
[cardaxpharma.com/index106b.html]
[cardaxpharma.com/author/dcress/index.html]
[cardaxpharma.com/category/blog/index.html]
[cardaxpharma.com/astaxanthin-for-human-use-the-origin-of-cardax/index.html]
[cardaxpharma.com/author/dcress/feed/index.html]
[cardaxpharma.com/author/cardax/index.html]
[cardaxpharma.com/category/blog/feed/index.html]
[cardaxpharma.com/index7d87.html]
[cardaxpharma.com/about-us/management-team/john-russell-cfo/index.html]
[cardaxpharma.com/astaxanthin-for-human-use-the-origin-of-cardax/feed/index.html]
[cardaxpharma.com/indexd06c.html]
[cardaxpharma.com/index2cf9.html]
[cardaxpharma.com/about-us/management-team/david-g-watumull-president-and-ceo/index.html]
[cardaxpharma.com/author/cardax/feed/index.html]
[cardaxpharma.com/about-us/management-team/john-russell-cfo/feed/index.html]
[cardaxpharma.com/about-us/management-team/gilbert-m-rishton-ph-d-chief-science-officer/index.html]
[cardaxpharma.com/indexe4db.html]
[cardaxpharma.com/about-us/management-team/david-g-watumull-president-and-ceo/feed/index.html]
[cardaxpharma.com/about-us/management-team/timothy-j-king-ph-d-vice-president-research/index.html]
[cardaxpharma.com/index96f1.html]
[cardaxpharma.com/about-us/management-team/gilbert-m-rishton-ph-d-chief-science-officer/feed/index.html]
[cardaxpharma.com/about-us/management-team/david-m-watumull-vice-president-operations/index.html]
[cardaxpharma.com/indexae74.html]
[cardaxpharma.com/about-us/board-of-directors/nicholas-mitsakos-executive-chairman/index.html]
[cardaxpharma.com/about-us/management-team/timothy-j-king-ph-d-vice-president-research/feed/index.html]
[cardaxpharma.com/index49a5.html]
[cardaxpharma.com/index6ffe.html]
[cardaxpharma.com/about-us/management-team/david-m-watumull-vice-president-operations/feed/index.html]
[cardaxpharma.com/board-of-directors/frank-c-herringer-director/index.html]
[cardaxpharma.com/about-us/board-of-directors/frank-c-herringer-director/index.html]
[cardaxpharma.com/about-us/board-of-directors/nicholas-mitsakos-executive-chairman/feed/index.html]
[cardaxpharma.com/about-us/lead-scientific-team/henry-l-jackson-ph-d-associate-director-discovery-chemistry/index.html]
[cardaxpharma.com/index8ed7.html]
[cardaxpharma.com/about-us/board-of-directors/frank-c-herringer-director/feed/index.html]
[cardaxpharma.com/index04cd.html]
[cardaxpharma.com/index5eda.html]
[cardaxpharma.com/indexeffd.html]
[cardaxpharma.com/about-us/lead-scientific-team/henry-l-jackson-ph-d-associate-director-discovery-chemistry/feed/index.html]
[cardaxpharma.com/about-us/lead-scientific-team/a-david-hieber-ph-d-associate-director-biology/index.html]
[cardaxpharma.com/about-us/lead-scientific-team/kazutoshi-fujioka-ph-d-senior-scientist-analytical-chemistry/index.html]
[cardaxpharma.com/index5401.html]
[cardaxpharma.com/about-us/lead-scientific-team/a-david-hieber-ph-d-associate-director-biology/feed/index.html]
[cardaxpharma.com/index1e7e.html]
[cardaxpharma.com/index8eaf.html]
[cardaxpharma.com/astaxanthin/market-opportunity/index.html]
[cardaxpharma.com/indexc5eb.html]
[cardaxpharma.com/index2847.html]
[cardaxpharma.com/index9430.html]
[cardaxpharma.com/index7ab1.html]
[cardaxpharma.com/index56d6.html]
[cardaxpharma.com/investors/index.html]
[cardaxpharma.com/astaxanthin/market-opportunity/feed/index.html]
[cardaxpharma.com/about-us/lead-scientific-team/kazutoshi-fujioka-ph-d-senior-scientist-analytical-chemistry/feed/index.html]
[cardaxpharma.com/indexdb4e.html]
[cardaxpharma.com/indexdb84.html]
[cardaxpharma.com/index7080.html]
[cardaxpharma.com/index62bf.html]
[cardaxpharma.com/index8fec.html]
[cardaxpharma.com/wp-content/cache/minify/000000/M9AvTszJTM0r0c8q1s9NLAAA.js]
[cardaxpharma.com/index8631.html]
[cardaxpharma.com/index092b.html]
[cardaxpharma.com/investors/feed/index.html]
[cardaxpharma.com/wp-content/cache/minify/000000/ZckxDoAgDAXQC6lwCic3T_CVhtRAS1ocvL2rxPW9GByFSXq4PHBFJt8UidJSWab43ROm92qUdir_RWsEG42F-yhH0TxXuIo9Lw.js]
[cardaxpharma.com/indexc128.html]
[cardaxpharma.com/index3f66.html]
[cardaxpharma.com/index1b7b.html]
[cardaxpharma.com/index2025.html]
[cardaxpharma.com/index61f2.html]
[cardaxpharma.com/index8fde.html]
[cardaxpharma.com/index1c7e.html]
[cardaxpharma.com/index6eea.html]
[cardaxpharma.com/youtu.be/index.html]
[cardaxpharma.com/Version/index.html]
[cardaxpharma.com/about-us/Version/index.html]
[cardaxpharma.com/index106b.html]
[cardaxpharma.com/wp-content/cache/minify/000000/M9RPzM4szk0t0Y_PzEvWT8svygUA.js]
[cardaxpharma.com/index7d87.html]
[cardaxpharma.com/indexe4db.html]
[cardaxpharma.com/index96f1.html]
[cardaxpharma.com/indexae74.html]
[cardaxpharma.com/index49a5.html]
[cardaxpharma.com/index04cd.html]
[cardaxpharma.com/index8ed7.html]
[cardaxpharma.com/indexeffd.html]
[cardaxpharma.com/index5401.html]
[cardaxpharma.com/indexc5eb.html]
[cardaxpharma.com/index9430.html]
[cardaxpharma.com/index092b.html]
[cardaxpharma.com/index30a5.html]
[cardaxpharma.com/index30a5.html]
[cardaxpharma.com/addressable-markets/osteoarthritis/Version/index.html]
[cardaxpharma.com/addressable-markets/osteoarthritis/Version/index.html]
